// Jest Snapshot v1, https://goo.gl/fbAQLP

exports[`renders correctly 1`] = `
<View
  style={
    Object {
      "flex": 1,
    }
  }
>
  <View
    style={
      Array [
        Object {
          "indicator": Object {
            "alignItems": "center",
            "justifyContent": "center",
          },
        },
        Object {
          "alignItems": "center",
          "justifyContent": "center",
        },
      ]
    }
  >
    <View
      style={
        Size {
          "height": 20,
          "width": 20,
        }
      }
    >
      <View
        style={
          Object {
            "bottom": 0,
            "height": 20,
            "left": 0,
            "position": "absolute",
            "right": 0,
            "top": 0,
            "transform": Array [
              Object {
                "rotate": "45deg",
              },
            ],
            "width": 20,
          }
        }
      >
        <View
          style={
            Array [
              Object {
                "overflow": "hidden",
              },
              undefined,
              Size {
                "height": 10,
                "width": 20,
              },
            ]
          }
        >
          <View
            style={
              Object {
                "height": 20,
                "transform": Array [
                  Object {
                    "rotate": "-165deg",
                  },
                ],
                "width": 20,
              }
            }
          >
            <View
              style={
                Array [
                  Object {
                    "overflow": "hidden",
                  },
                  Size {
                    "height": 10,
                    "width": 20,
                  },
                ]
              }
            >
              <View
                style={
                  Array [
                    Object {
                      "borderColor": "#3366FF",
                      "borderRadius": 10,
                      "borderWidth": 2.8,
                      "height": 20,
                      "width": 20,
                    },
                    undefined,
                  ]
                }
              />
            </View>
          </View>
        </View>
      </View>
      <View
        style={
          Object {
            "bottom": 0,
            "height": 20,
            "left": 0,
            "position": "absolute",
            "right": 0,
            "top": 0,
            "transform": Array [
              Object {
                "rotate": "45deg",
              },
            ],
            "width": 20,
          }
        }
      >
        <View
          style={
            Array [
              Object {
                "overflow": "hidden",
              },
              Object {
                "top": 10,
              },
              Size {
                "height": 10,
                "width": 20,
              },
            ]
          }
        >
          <View
            style={
              Object {
                "height": 20,
                "transform": Array [
                  Object {
                    "translateY": -10,
                  },
                  Object {
                    "rotate": "345deg",
                  },
                ],
                "width": 20,
              }
            }
          >
            <View
              style={
                Array [
                  Object {
                    "overflow": "hidden",
                  },
                  Size {
                    "height": 10,
                    "width": 20,
                  },
                ]
              }
            >
              <View
                style={
                  Array [
                    Object {
                      "borderColor": "#3366FF",
                      "borderRadius": 10,
                      "borderWidth": 2.8,
                      "height": 20,
                      "width": 20,
                    },
                    undefined,
                  ]
                }
              />
            </View>
          </View>
        </View>
      </View>
    </View>
  </View>
</View>
`;
